+--------+-------------+-----+--------+---+
|item    |note         |price|discount|qty|
+--------+-------------+-----+--------+---+
|socks   |nice and warm|   10|       0|  5|
|gloves  |made of wool |   55|     0.4| 25|
+--------+-------------+-----+--------+---+
|cardigan|a bit pricey |  255|     0.1| 11|
|hat     |old fashioned|   44|     0.2| 33|
+--------+-------------+-----+--------+---+
|shoes   |for running  |  155|       0|  4|
+--------+-------------+-----+--------+---+	

+--------+-------------+-----+--------+---+
|item    |note         |price|discount|qty|
+--------+-------------+-----+--------+---+
|socks   |nice and warm|   10|       0|  5|
+--------+-------------+-----+--------+---+
|gloves  |made of wool |   55|     0.4| 25|
|cardigan|a bit pricey |  255|     0.1| 11|
|hat     |old fashioned|   44|     0.2| 33|
|shoes   |for running  |  155|       0|  4|
+--------+-------------+-----+--------+---+	

+--------+-------------+-----+--------+---+
|item    |note         |price|discount|qty|
+--------+-------------+-----+--------+---+
|socks   |nice and warm|   10|       0|  5|
+--------+-------------+-----+--------+---+
|gloves  |made of wool |   55|     0.4| 25|
+--------+-------------+-----+--------+---+
|cardigan|a bit pricey |  255|     0.1| 11|
+--------+-------------+-----+--------+---+
|hat     |old fashioned|   44|     0.2| 33|
+--------+-------------+-----+--------+---+
|shoes   |for running  |  155|       0|  4|
+--------+-------------+-----+--------+---+	

+--------+-------------+-----+--------+---+
|item    |note         |price|discount|qty|
+--------+-------------+-----+--------+---+
|socks   |nice and warm|   10|       0|  5|
|gloves  |made of wool |   55|     0.4| 25|
|cardigan|a bit pricey |  255|     0.1| 11|
+--------+-------------+-----+--------+---+
|hat     |old fashioned|   44|     0.2| 33|
|shoes   |for running  |  155|       0|  4|
+--------+-------------+-----+--------+---+	

examples/rowseparator.lua:36: invalid option 'rowSeparator' (table or number expected)
examples/rowseparator.lua:47: invalid value 'wrong' for option 'rowSeparator' (number expected)
